RAM Allocation
Variable                                                          Address   Size
--------------------------------------------------------------------------------

EEPROM Allocation
Variable                                                          Address   Size
--------------------------------------------------------------------------------

Register Allocation
Variable                                                          Register  Size
--------------------------------------------------------------------------------
switch1                                                           R5           1
switch2                                                           R4           1
i                                                                 R6,R7        2
j                                                                 R8,R9        2
count_SW                                                          R10,R11      2
flag                                                              R12,R13      2
